../Drivers/CMSIS/Include/core_cm0plus.h:741:22:__NVIC_EnableIRQ	2
../Drivers/CMSIS/Include/core_cm0plus.h:850:22:__NVIC_SetPriority	2
../Drivers/STM32G0xx_HAL_Driver/Inc/stm32g0xx_ll_dma.h:603:22:LL_DMA_SetDataTransferDirection	1
../Drivers/STM32G0xx_HAL_Driver/Inc/stm32g0xx_ll_dma.h:654:22:LL_DMA_SetMode	1
../Drivers/STM32G0xx_HAL_Driver/Inc/stm32g0xx_ll_dma.h:701:22:LL_DMA_SetPeriphIncMode	1
../Drivers/STM32G0xx_HAL_Driver/Inc/stm32g0xx_ll_dma.h:748:22:LL_DMA_SetMemoryIncMode	1
../Drivers/STM32G0xx_HAL_Driver/Inc/stm32g0xx_ll_dma.h:796:22:LL_DMA_SetPeriphSize	1
../Drivers/STM32G0xx_HAL_Driver/Inc/stm32g0xx_ll_dma.h:845:22:LL_DMA_SetMemorySize	1
../Drivers/STM32G0xx_HAL_Driver/Inc/stm32g0xx_ll_dma.h:895:22:LL_DMA_SetChannelPriorityLevel	1
../Drivers/STM32G0xx_HAL_Driver/Inc/stm32g0xx_ll_dma.h:1270:22:LL_DMA_SetPeriphRequest	1
../Drivers/STM32G0xx_HAL_Driver/Inc/stm32g0xx_ll_bus.h:467:22:LL_APB1_GRP1_EnableClock	1
../Drivers/STM32G0xx_HAL_Driver/Inc/stm32g0xx_ll_bus.h:1135:22:LL_IOP_GRP1_EnableClock	1
../Core/Src/main.c:87:6:pollGPIO	3
../Core/Src/main.c:116:5:main	1
../Core/Src/main.c:202:6:SystemClock_Config	3
../Core/Src/main.c:250:13:MX_ADC1_Init	3
../Core/Src/main.c:308:13:MX_I2C2_Init	4
../Core/Src/main.c:356:13:MX_TIM2_Init	6
../Core/Src/main.c:414:13:MX_UCPD1_Init	1
../Core/Src/main.c:494:13:MX_DMA_Init	1
../Core/Src/main.c:515:13:MX_GPIO_Init	1
../Core/Src/main.c:575:6:StartDefaultTask	2
../Core/Src/main.c:610:6:HAL_TIM_PeriodElapsedCallback	2
../Core/Src/main.c:628:6:Error_Handler	1
